// Jest Snapshot v1, https://goo.gl/fbAQLP

exports[`InfoExtractor Info returns expected information 1`] = `
Array [
  Object {
    "daysOff": Array [
      Object {
        "date": 2018-01-10T23:00:00.000Z,
        "description": "",
        "durationHours": 22.8,
        "id": "1018970",
        "type": "Type1",
      },
    ],
    "employeeId": "503293",
  },
  Object {
    "daysOff": Array [
      Object {
        "date": 2018-01-10T23:00:00.000Z,
        "description": "",
        "durationHours": 22.8,
        "id": "1018970",
        "type": "Type1",
      },
    ],
    "employeeId": "503305",
  },
]
`;
